// Jest Snapshot v1, https://goo.gl/fbAQLP

exports[`it matches snapshot 1`] = `
.c0 {
  width: 100%;
  height: 100px;
  border-top: 1px solid #eaeaea;
  display: -webkit-box;
  display: -webkit-flex;
  display: -ms-flexbox;
  display: flex;
  -webkit-box-pack: center;
  -webkit-justify-content: center;
  -ms-flex-pack: center;
  justify-content: center;
  -webkit-align-items: center;
  -webkit-box-align: center;
  -ms-flex-align: center;
  align-items: center;
}

.c0 img {
  margin-left: 0.5rem;
}

.c0 a {
  display: -webkit-box;
  display: -webkit-flex;
  display: -ms-flexbox;
  display: flex;
  -webkit-box-pack: center;
  -webkit-justify-content: center;
  -ms-flex-pack: center;
  justify-content: center;
  -webkit-align-items: center;
  -webkit-box-align: center;
  -ms-flex-align: center;
  align-items: center;
}

<footer
  className="c0"
>
  <a
    href="https://zeit.co?utm_source=create-next-app&utm_medium=default-template&utm_campaign=create-next-app"
    rel="noopener noreferrer"
    target="_blank"
  >
    Powered by 
    <img
      alt="ZEIT Logo"
      src="/zeit.svg"
    />
  </a>
</footer>
`;
