// Jest Snapshot v1, https://goo.gl/fbAQLP

exports[`it matches snapshot 1`] = `
.c0 {
  margin: 0;
  line-height: 1.15;
  font-size: 4rem;
  text-align: center;
}

<h1
  className="c0"
>
  Welcome to Ocarina Heroes!
</h1>
`;
